// Jest Snapshot v1, https://goo.gl/fbAQLP

exports[`renders correctly 1`] = `
<Modal
  animationType="fade"
  hardwareAccelerated={false}
  style={
    Object {
      "position": "relative",
    }
  }
  transparent={true}
  visible={true}
>
  <View
    style={
      Object {
        "alignItems": "center",
        "backgroundColor": "rgba(45, 40, 62,0.9)",
        "borderRadius": 3,
        "elevation": 5,
        "height": 200,
        "justifyContent": "space-evenly",
        "left": "50%",
        "marginLeft": -163,
        "marginTop": -100,
        "position": "absolute",
        "shadowColor": "#000",
        "shadowOffset": Object {
          "height": 2,
          "width": 0,
        },
        "shadowOpacity": 0.25,
        "shadowRadius": 4,
        "top": "50%",
        "width": 326,
      }
    }
  >
    <View>
      <Text
        style={
          Array [
            Object {
              "color": "#000",
            },
            Array [
              Object {
                "color": "white",
                "fontSize": 20,
                "margin": 10,
              },
              Object {
                "fontFamily": "Menlo",
              },
            ],
          ]
        }
      >
        Delete 
        ?
      </Text>
    </View>
    <View
      style={
        Object {
          "flexDirection": "row",
          "justifyContent": "space-evenly",
          "width": "100%",
        }
      }
    >
      <RNGestureHandlerButton
        collapsable={false}
        onGestureEvent={[Function]}
        onGestureHandlerEvent={[Function]}
        onGestureHandlerStateChange={[Function]}
        onHandlerStateChange={[Function]}
        rippleColor={0}
      >
        <View
          accessible={true}
          style={
            Object {
              "alignItems": "center",
              "backgroundColor": "#a4545f",
              "borderRadius": 3,
              "elevation": 5,
              "height": 60,
              "justifyContent": "center",
              "opacity": 1,
              "padding": 10,
              "shadowColor": "#000",
              "shadowOffset": Object {
                "height": 2,
                "width": 0,
              },
              "shadowOpacity": 0.25,
              "shadowRadius": 4,
              "width": 135,
            }
          }
        >
          <Text
            style={
              Array [
                Object {
                  "color": "#000",
                },
                Array [
                  Object {
                    "color": "white",
                    "fontSize": 16,
                  },
                  Object {
                    "fontFamily": "Menlo",
                  },
                ],
              ]
            }
          >
            Delete
          </Text>
        </View>
      </RNGestureHandlerButton>
      <RNGestureHandlerButton
        collapsable={false}
        onGestureEvent={[Function]}
        onGestureHandlerEvent={[Function]}
        onGestureHandlerStateChange={[Function]}
        onHandlerStateChange={[Function]}
        rippleColor={0}
      >
        <View
          accessible={true}
          style={
            Object {
              "alignItems": "center",
              "backgroundColor": "#362247",
              "borderRadius": 3,
              "elevation": 5,
              "height": 60,
              "justifyContent": "center",
              "opacity": 1,
              "padding": 10,
              "shadowColor": "#000",
              "shadowOffset": Object {
                "height": 2,
                "width": 0,
              },
              "shadowOpacity": 0.25,
              "shadowRadius": 4,
              "width": 135,
            }
          }
        >
          <Text
            style={
              Array [
                Object {
                  "color": "#000",
                },
                Array [
                  Object {
                    "color": "white",
                    "fontSize": 16,
                  },
                  Object {
                    "fontFamily": "Menlo",
                  },
                ],
              ]
            }
          >
            Cancel
          </Text>
        </View>
      </RNGestureHandlerButton>
    </View>
  </View>
</Modal>
`;
