// Jest Snapshot v1, https://goo.gl/fbAQLP

exports[`renders correctly 1`] = `
<RCTScrollView
  style={
    Object {
      "width": "100%",
    }
  }
>
  <View>
    <View
      style={
        Object {
          "height": 100,
          "left": "50%",
          "marginLeft": -50,
          "marginTop": 100,
          "position": "absolute",
          "top": "50%",
          "width": 100,
        }
      }
    >
      <ActivityIndicator
        animating={true}
        color="#a4545f"
        hidesWhenStopped={true}
        size="large"
      />
    </View>
  </View>
</RCTScrollView>
`;
